SELECT * FROM people WHERE id = ?
SELECT * FROM pets WHERE person_id = ?
SELECT * FROM people
SELECT * FROM pets WHERE person_id = ?
SELECT * FROM pets WHERE person_id = ?
SELECT * FROM pets WHERE person_id = ?
SELECT * FROM pets WHERE person_id = ?
