SELECT * FROM pets WHERE id = ?
SELECT * FROM pets
SELECT * FROM pets WHERE person_id = ?
SELECT * FROM pets WHERE id = ?
DELETE FROM pets WHERE id = 1
UPDATE pets SET age = ? ,gender = ? ,name = ?  WHERE id = 1
INSERT INTO pets (age,gender,id,name) VALUES(?,?,?,?)
SELECT * FROM pets WHERE id = ?
SELECT * FROM pets WHERE age = ? and name = ?
