2013-05-08 23:45:05.580:INFO:oejs.Server:Test worker: jetty-9.0.0.v20130308
2013-05-08 23:45:05.583:WARN:oejw.WebInfConfiguration:Test worker: Web application not found /Users/twer/Myfiles/Projects/MVC/simple-orm/sample/sample/src/main/webapp
2013-05-08 23:45:05.583:WARN:oejw.WebAppContext:Test worker: Failed startup of context o.e.j.w.WebAppContext@4184178e{/sample,null,null}{/Users/twer/Myfiles/Projects/MVC/simple-orm/sample/sample/src/main/webapp}
java.io.FileNotFoundException: /Users/twer/Myfiles/Projects/MVC/simple-orm/sample/sample/src/main/webapp
	at org.eclipse.jetty.webapp.WebInfConfiguration.unpack(WebInfConfiguration.java:503)
	at org.eclipse.jetty.webapp.WebInfConfiguration.preConfigure(WebInfConfiguration.java:72)
	at org.eclipse.jetty.webapp.WebAppContext.preConfigure(WebAppContext.java:453)
	at org.eclipse.jetty.webapp.WebAppContext.doStart(WebAppContext.java:489)
	at org.eclipse.jetty.util.component.AbstractLifeCycle.start(AbstractLifeCycle.java:69)
	at org.eclipse.jetty.util.component.ContainerLifeCycle.start(ContainerLifeCycle.java:108)
	at org.eclipse.jetty.server.Server.start(Server.java:346)
	at org.eclipse.jetty.util.component.ContainerLifeCycle.doStart(ContainerLifeCycle.java:90)
	at org.eclipse.jetty.server.handler.AbstractHandler.doStart(AbstractHandler.java:58)
	at org.eclipse.jetty.server.Server.doStart(Server.java:294)
	at org.eclipse.jetty.util.component.AbstractLifeCycle.start(AbstractLifeCycle.java:69)
	at com.thoughtworks.mvc.main.JettyLauncher.start(JettyLauncher.java:21)
	at mvc.functional.FunctionalTest.setUp(FunctionalTest.java:16)
	at sun.reflect.NativeMethodAccessorImpl.invoke0(Native Method)
	at sun.reflect.NativeMethodAccessorImpl.invoke(NativeMethodAccessorImpl.java:57)
	at sun.reflect.DelegatingMethodAccessorImpl.invoke(DelegatingMethodAccessorImpl.java:43)
	at java.lang.reflect.Method.invoke(Method.java:601)
	at org.junit.runners.model.FrameworkMethod$1.runReflectiveCall(FrameworkMethod.java:45)
	at org.junit.internal.runners.model.ReflectiveCallable.run(ReflectiveCallable.java:15)
	at org.junit.runners.model.FrameworkMethod.invokeExplosively(FrameworkMethod.java:42)
	at org.junit.internal.runners.statements.RunBefores.evaluate(RunBefores.java:27)
	at org.junit.internal.runners.statements.RunAfters.evaluate(RunAfters.java:30)
	at org.junit.runners.ParentRunner.runLeaf(ParentRunner.java:263)
	at org.junit.runners.BlockJUnit4ClassRunner.runChild(BlockJUnit4ClassRunner.java:68)
	at org.junit.runners.BlockJUnit4ClassRunner.runChild(BlockJUnit4ClassRunner.java:47)
	at org.junit.runners.ParentRunner$3.run(ParentRunner.java:231)
	at org.junit.runners.ParentRunner$1.schedule(ParentRunner.java:60)
	at org.junit.runners.ParentRunner.runChildren(ParentRunner.java:229)
	at org.junit.runners.ParentRunner.access$000(ParentRunner.java:50)
	at org.junit.runners.ParentRunner$2.evaluate(ParentRunner.java:222)
	at org.junit.runners.ParentRunner.run(ParentRunner.java:300)
	at org.gradle.api.internal.tasks.testing.junit.JUnitTestClassExecuter.runTestClass(JUnitTestClassExecuter.java:55)
	at org.gradle.api.internal.tasks.testing.junit.JUnitTestClassExecuter.execute(JUnitTestClassExecuter.java:42)
	at org.gradle.api.internal.tasks.testing.junit.JUnitTestClassProcessor.processTestClass(JUnitTestClassProcessor.java:71)
	at org.gradle.api.internal.tasks.testing.SuiteTestClassProcessor.processTestClass(SuiteTestClassProcessor.java:49)
	at sun.reflect.NativeMethodAccessorImpl.invoke0(Native Method)
	at sun.reflect.NativeMethodAccessorImpl.invoke(NativeMethodAccessorImpl.java:57)
	at sun.reflect.DelegatingMethodAccessorImpl.invoke(DelegatingMethodAccessorImpl.java:43)
	at java.lang.reflect.Method.invoke(Method.java:601)
	at org.gradle.messaging.dispatch.ReflectionDispatch.dispatch(ReflectionDispatch.java:35)
	at org.gradle.messaging.dispatch.ReflectionDispatch.dispatch(ReflectionDispatch.java:24)
	at org.gradle.messaging.dispatch.ContextClassLoaderDispatch.dispatch(ContextClassLoaderDispatch.java:32)
	at org.gradle.messaging.dispatch.ProxyDispatchAdapter$DispatchingInvocationHandler.invoke(ProxyDispatchAdapter.java:93)
	at com.sun.proxy.$Proxy2.processTestClass(Unknown Source)
	at org.gradle.api.internal.tasks.testing.worker.TestWorker.processTestClass(TestWorker.java:103)
	at sun.reflect.NativeMethodAccessorImpl.invoke0(Native Method)
	at sun.reflect.NativeMethodAccessorImpl.invoke(NativeMethodAccessorImpl.java:57)
	at sun.reflect.DelegatingMethodAccessorImpl.invoke(DelegatingMethodAccessorImpl.java:43)
	at java.lang.reflect.Method.invoke(Method.java:601)
	at org.gradle.messaging.dispatch.ReflectionDispatch.dispatch(ReflectionDispatch.java:35)
	at org.gradle.messaging.dispatch.ReflectionDispatch.dispatch(ReflectionDispatch.java:24)
	at org.gradle.messaging.remote.internal.hub.MessageHub$Handler.run(MessageHub.java:355)
	at org.gradle.internal.concurrent.DefaultExecutorFactory$StoppableExecutorImpl$1.run(DefaultExecutorFactory.java:66)
	at java.util.concurrent.ThreadPoolExecutor.runWorker(ThreadPoolExecutor.java:1145)
	at java.util.concurrent.ThreadPoolExecutor$Worker.run(ThreadPoolExecutor.java:615)
	at java.lang.Thread.run(Thread.java:722)
2013-05-08 23:45:05.587:INFO:oejs.ServerConnector:Test worker: Started ServerConnector@17a9fb56{HTTP/1.1}{0.0.0.0:8080}
Started ChromeDriver
port=36866
version=26.0.1383.0
log=/Users/twer/Myfiles/Projects/MVC/simple-orm/sample/chromedriver.log
objc[20585]: Object 0x7a68ef70 of class NSPathStore2 autoreleased with no pool in place - just leaking - break on objc_autoreleaseNoPool() to debug
objc[20585]: Object 0x7b2739c0 of class NSPathStore2 autoreleased with no pool in place - just leaking - break on objc_autoreleaseNoPool() to debug
objc[20585]: Object 0x7b473a90 of class NSConcreteData autoreleased with no pool in place - just leaking - break on objc_autoreleaseNoPool() to debug
objc[20585]: Object 0x7b473ec0 of class __NSCFString autoreleased with no pool in place - just leaking - break on objc_autoreleaseNoPool() to debug
objc[20585]: Object 0x7b274660 of class NSBundle autoreleased with no pool in place - just leaking - break on objc_autoreleaseNoPool() to debug
2013-05-08 23:45:07.330:INFO:oejs.Server:Test worker: Graceful shutdown org.eclipse.jetty.server.Server@4a287dba by  Wed May 08 23:45:37 CST 2013
2013-05-08 23:45:07.331:INFO:oejs.ServerConnector:Test worker: Stopped ServerConnector@17a9fb56{HTTP/1.1}{0.0.0.0:8080}
2013-05-08 23:45:07.332:INFO:oejsh.ContextHandler:Test worker: stopped o.e.j.w.WebAppContext@4184178e{/sample,null,UNAVAILABLE}{/Users/twer/Myfiles/Projects/MVC/simple-orm/sample/sample/src/main/webapp}
